// Jest Snapshot v1, https://goo.gl/fbAQLP

exports[`Coupon renders correctly 1`] = `
VueWrapper {
  "_emitted": Object {
    "hook:beforeMount": Array [
      Array [],
    ],
    "hook:created": Array [
      Array [],
    ],
    "hook:mounted": Array [
      Array [],
    ],
  },
  "_emittedByOrder": Array [
    Object {
      "args": Array [],
      "name": "hook:created",
    },
    Object {
      "args": Array [],
      "name": "hook:beforeMount",
    },
    Object {
      "args": Array [],
      "name": "hook:mounted",
    },
  ],
  "isFunctionalComponent": undefined,
}
`;
